21:39:02.817 [main] INFO  Main - Entering application.
21:39:02.825 [main] INFO  Main - Exiting application.
